update    1  steps      1536      47/s  return  +0.0183  win   6%  entropy  4.394  pass   1%  loss -0.0372/0.0348
update    2  steps      3072      48/s  return  -0.0089  win   4%  entropy  4.356  pass   2%  loss -0.0306/0.0178
update    3  steps      4608      47/s  return  +0.0045  win   4%  entropy  4.324  pass   2%  loss -0.0413/0.0574
update    4  steps      6144      46/s  return  +0.0078  win   3%  entropy  4.276  pass   1%  loss -0.0423/0.0628
update    5  steps      7680      45/s  return  +0.0195  win   3%  entropy  4.295  pass   2%  loss -0.0378/0.0476
update    6  steps      9216      45/s  return  +0.0142  win   4%  entropy  4.247  pass   1%  loss -0.0353/0.0259
update    7  steps     10752      44/s  return  +0.0180  win   4%  entropy  4.214  pass   1%  loss -0.0248/0.0369
update    8  steps     12288      43/s  return  -0.0160  win   4%  entropy  4.238  pass   1%  loss -0.0288/0.0512
update    9  steps     13824      42/s  return  -0.0166  win   6%  entropy  4.182  pass   1%  loss -0.0386/0.0497
update   10  steps     15360      42/s  return  -0.0523  win   4%  entropy  4.187  pass   1%  loss -0.0378/0.0379
update   11  steps     16896      42/s  return  -0.0675  win   4%  entropy  4.223  pass   1%  loss -0.0377/0.0700
update   12  steps     18432      42/s  return  -0.0230  win   4%  entropy  4.196  pass   1%  loss -0.0217/0.0155
update   13  steps     19968      43/s  return  -0.0357  win   4%  entropy  4.257  pass   1%  loss -0.0321/0.0527
update   14  steps     21504      43/s  return  +0.0218  win   6%  entropy  4.226  pass   2%  loss -0.0280/0.0676
update   15  steps     23040      43/s  return  +0.0021  win   4%  entropy  4.230  pass   2%  loss -0.0247/0.0217
update   16  steps     24576      43/s  return  -0.0079  win   4%  entropy  4.218  pass   3%  loss -0.0298/0.0342
update   17  steps     26112      43/s  return  -0.0341  win   3%  entropy  4.188  pass   2%  loss -0.0310/0.0458
update   18  steps     27648      43/s  return  -0.0260  win   4%  entropy  4.113  pass   1%  loss -0.0376/0.0650
update   19  steps     29184      43/s  return  -0.0203  win   4%  entropy  4.096  pass   1%  loss -0.0330/0.0342
update   20  steps     30720      42/s  return  -0.0085  win   6%  entropy  4.062  pass   2%  loss -0.0355/0.0987
          ladder: 33% vs its own generation 1
          eval: return +2.6199 vs control +2.4958  win 95% vs 92%  lift +0.11 sd
update   21  steps     32256      38/s  return  -0.0280  win   6%  entropy  4.102  pass   2%  loss -0.0384/0.0514
update   22  steps     33792      38/s  return  -0.0372  win   5%  entropy  4.069  pass   2%  loss -0.0287/0.0263
update   23  steps     35328      38/s  return  -0.0644  win   4%  entropy  4.051  pass   1%  loss -0.0246/0.0364
update   24  steps     36864      39/s  return  -0.0499  win   3%  entropy  3.943  pass   1%  loss -0.0250/0.0696
